d:\felipe\onedrive - universidad de málaga\solo en uma\docencia\arqcom\versiones finales del codigo\clienteyservidorwindows\heatopenmp\heatopenmp\release\vc142.pdb
d:\felipe\onedrive - universidad de málaga\solo en uma\docencia\arqcom\versiones finales del codigo\clienteyservidorwindows\heatopenmp\heatopenmp\release\heatopenmp.obj
d:\depaso\onedrive - universidad de málaga\proyectos cpp\docentes\arqcom todo\heatopenmp\heatopenmp\release\vc142.pdb
d:\depaso\onedrive - universidad de málaga\proyectos cpp\docentes\arqcom todo\heatopenmp\heatopenmp\release\heatopenmp.obj
d:\felipe\onedrive - universidad de málaga\solo en uma\docencia\arqcom\versiones finales del codigo\clienteyservidorwindows\heatopenmp\heatopenmp\release\heatopenmp.ipdb
d:\felipe\onedrive - universidad de málaga\solo en uma\docencia\arqcom\versiones finales del codigo\clienteyservidorwindows\heatopenmp\heatopenmp\release\heatopenmp.iobj
d:\felipe\onedrive - universidad de málaga\solo en uma\docencia\arqcom\versiones finales del codigo\clienteyservidorwindows\heatopenmp\heatopenmp\release\heatopenmp.exe
d:\felipe\onedrive - universidad de málaga\solo en uma\docencia\arqcom\versiones finales del codigo\clienteyservidorwindows\heatopenmp\heatopenmp\release\heatopenmp.pdb
d:\depaso\onedrive - universidad de málaga\proyectos cpp\docentes\arqcom todo\heatopenmp\heatopenmp\release\heatopenmp.ipdb
d:\depaso\onedrive - universidad de málaga\proyectos cpp\docentes\arqcom todo\heatopenmp\heatopenmp\release\heatopenmp.iobj
d:\depaso\onedrive - universidad de málaga\proyectos cpp\docentes\arqcom todo\heatopenmp\heatopenmp\release\heatopenmp.pdb
d:\depaso\onedrive - universidad de málaga\proyectos cpp\docentes\arqcom todo\heatopenmp\heatopenmp\release\vc140.pdb
d:\depaso\onedrive - universidad de málaga\proyectos cpp\docentes\arqcom todo\heatopenmp\heatopenmp\release\heatopenmp.exe
d:\depaso\onedrive - universidad de málaga\proyectos cpp\docentes\arqcom todo\heatopenmp\heatopenmp\release\heatopenmp.tlog\cl.command.1.tlog
d:\depaso\onedrive - universidad de málaga\proyectos cpp\docentes\arqcom todo\heatopenmp\heatopenmp\release\heatopenmp.tlog\cl.read.1.tlog
d:\depaso\onedrive - universidad de málaga\proyectos cpp\docentes\arqcom todo\heatopenmp\heatopenmp\release\heatopenmp.tlog\cl.write.1.tlog
d:\depaso\onedrive - universidad de málaga\proyectos cpp\docentes\arqcom todo\heatopenmp\heatopenmp\release\heatopenmp.tlog\heatopenmp.write.1u.tlog
d:\depaso\onedrive - universidad de málaga\proyectos cpp\docentes\arqcom todo\heatopenmp\heatopenmp\release\heatopenmp.tlog\link.command.1.tlog
d:\depaso\onedrive - universidad de málaga\proyectos cpp\docentes\arqcom todo\heatopenmp\heatopenmp\release\heatopenmp.tlog\link.delete.1.tlog
d:\depaso\onedrive - universidad de málaga\proyectos cpp\docentes\arqcom todo\heatopenmp\heatopenmp\release\heatopenmp.tlog\link.read.1.tlog
d:\depaso\onedrive - universidad de málaga\proyectos cpp\docentes\arqcom todo\heatopenmp\heatopenmp\release\heatopenmp.tlog\link.write.1.tlog
